results/augmented_mcqa_irt/tables/setting_difficulty.csv
results/augmented_mcqa_irt/tables/dataset_difficulty.csv
results/augmented_mcqa_irt/tables/generator_difficulty.csv
results/augmented_mcqa_irt/tables/test_taker_ability.csv
results/augmented_mcqa_irt/tables/stem_difficulty.csv
results/augmented_mcqa_irt/tables/instantiated_item_parameters.csv
results/augmented_mcqa_irt/tables/item_fit.csv
results/augmented_mcqa_irt/tables/irt_quality_by_dataset_setting.csv
results/augmented_mcqa_irt/tables/benchmarker_validity_by_dataset_setting.csv
results/augmented_mcqa_irt/tables/question_quality_by_dataset_setting.csv
results/augmented_mcqa_irt/tables/final_grouped_question_quality.csv
results/augmented_mcqa_irt/tables/final_ablation_question_quality.csv
results/augmented_mcqa_irt/tables/residual_summary.csv
results/augmented_mcqa_irt/tables/generator_setting_raw_accuracy.csv
results/augmented_mcqa_irt/tables/hardest_instantiated_items.csv
results/augmented_mcqa_irt/tables/easiest_instantiated_items.csv
results/augmented_mcqa_irt/tables/hardest_stems.csv
results/augmented_mcqa_irt/tables/easiest_stems.csv
results/augmented_mcqa_irt/tables/highest_outfit_items.csv
results/augmented_mcqa_irt/tables/lowest_outfit_items.csv
results/augmented_mcqa_irt/figures/setting_difficulty.png
results/augmented_mcqa_irt/figures/dataset_difficulty.png
results/augmented_mcqa_irt/figures/generator_difficulty.png
results/augmented_mcqa_irt/figures/test_taker_ability.png
results/augmented_mcqa_irt/figures/item_fit.png
results/augmented_mcqa_irt/figures/question_quality_all_settings.png
results/augmented_mcqa_irt/figures/final_figures/question_quality_grouped.png
results/augmented_mcqa_irt/figures/final_figures/ablation_quality.png
results/augmented_mcqa_irt/fit_summary.json
